Command line invocation:
    /Applications/Xcode.app/Contents/Developer/usr/bin/xcodebuild -project EditablePDF.xcodeproj -scheme EditablePDF -destination "generic/platform=iOS Simulator" build

2026-04-21 14:11:39.791 xcodebuild[96596:2334105] [MT] IDERunDestination: Supported platforms for the buildables in the current scheme is empty.
ComputePackagePrebuildTargetDependencyGraph

Prepare packages

CreateBuildRequest

SendProjectDescription

CreateBuildOperation

ComputeTargetDependencyGraph
note: Building targets in dependency order
note: Target dependency graph (1 target)
    Target 'EditablePDF' in project 'EditablePDF' (no dependencies)

GatherProvisioningInputs

CreateBuildDescription

ClangStatCache /Applications/Xcode.app/Contents/Developer/Toolchains/XcodeDefault.xctoolchain/usr/bin/clang-stat-cache /Applications/Xcode.app/Contents/Developer/Platforms/iPhoneSimulator.platform/Developer/SDKs/iPhoneSimulator26.4.sdk /Users/saimumarafat/Library/Developer/Xcode/DerivedData/SDKStatCaches.noindex/iphonesimulator26.4-23E237-686eebb5dc1d8ecb277353a59184f4aa.sdkstatcache
    cd /Users/saimumarafat/PDF/EditablePDF.xcodeproj
    /Applications/Xcode.app/Contents/Developer/Toolchains/XcodeDefault.xctoolchain/usr/bin/clang-stat-cache /Applications/Xcode.app/Contents/Developer/Platforms/iPhoneSimulator.platform/Developer/SDKs/iPhoneSimulator26.4.sdk -o /Users/saimumarafat/Library/Developer/Xcode/DerivedData/SDKStatCaches.noindex/iphonesimulator26.4-23E237-686eebb5dc1d8ecb277353a59184f4aa.sdkstatcache

SwiftDriver EditablePDF normal arm64 com.apple.xcode.tools.swift.compiler (in target 'EditablePDF' from project 'EditablePDF')
    cd /Users/saimumarafat/PDF
    builtin-SwiftDriver -- /Applications/Xcode.app/Contents/Developer/Toolchains/XcodeDefault.xctoolchain/usr/bin/swiftc -module-name EditablePDF -O @/Users/saimumarafat/Library/Developer/Xcode/DerivedData/EditablePDF-anssphkirsootggvdfrbagwhqarc/Build/Intermediates.noindex/EditablePDF.build/Debug-iphonesimulator/EditablePDF.build/Objects-normal/arm64/EditablePDF.SwiftFileList -enable-experimental-feature DebugDescriptionMacro -sdk /Applications/Xcode.app/Contents/Developer/Platforms/iPhoneSimulator.platform/Developer/SDKs/iPhoneSimulator26.4.sdk -target arm64-apple-ios18.0-simulator -g -module-cache-path /Users/saimumarafat/Library/Developer/Xcode/DerivedData/ModuleCache.noindex -Xfrontend -serialize-debugging-options -swift-version 6 -I /Users/saimumarafat/Library/Developer/Xcode/DerivedData/EditablePDF-anssphkirsootggvdfrbagwhqarc/Build/Products/Debug-iphonesimulator -F /Users/saimumarafat/Library/Developer/Xcode/DerivedData/EditablePDF-anssphkirsootggvdfrbagwhqarc/Build/Products/Debug-iphonesimulator -emit-localized-strings -emit-localized-strings-path /Users/saimumarafat/Library/Developer/Xcode/DerivedData/EditablePDF-anssphkirsootggvdfrbagwhqarc/Build/Intermediates.noindex/EditablePDF.build/Debug-iphonesimulator/EditablePDF.build/Objects-normal/arm64 -c -j8 -enable-batch-mode -incremental -Xcc -ivfsstatcache -Xcc /Users/saimumarafat/Library/Developer/Xcode/DerivedData/SDKStatCaches.noindex/iphonesimulator26.4-23E237-686eebb5dc1d8ecb277353a59184f4aa.sdkstatcache -output-file-map /Users/saimumarafat/Library/Developer/Xcode/DerivedData/EditablePDF-anssphkirsootggvdfrbagwhqarc/Build/Intermediates.noindex/EditablePDF.build/Debug-iphonesimulator/EditablePDF.build/Objects-normal/arm64/EditablePDF-OutputFileMap.json -use-frontend-parseable-output -save-temps -no-color-diagnostics -explicit-module-build -module-cache-path /Users/saimumarafat/Library/Developer/Xcode/DerivedData/EditablePDF-anssphkirsootggvdfrbagwhqarc/Build/Intermediates.noindex/SwiftExplicitPrecompiledModules -clang-scanner-module-cache-path /Users/saimumarafat/Library/Developer/Xcode/DerivedData/ModuleCache.noindex -sdk-module-cache-path /Users/saimumarafat/Library/Developer/Xcode/DerivedData/ModuleCache.noindex -serialize-diagnostics -emit-dependencies -emit-module -emit-module-path /Users/saimumarafat/Library/Developer/Xcode/DerivedData/EditablePDF-anssphkirsootggvdfrbagwhqarc/Build/Intermediates.noindex/EditablePDF.build/Debug-iphonesimulator/EditablePDF.build/Objects-normal/arm64/EditablePDF.swiftmodule -validate-clang-modules-once -clang-build-session-file /Users/saimumarafat/Library/Developer/Xcode/DerivedData/ModuleCache.noindex/Session.modulevalidation -Xcc -I/Users/saimumarafat/Library/Developer/Xcode/DerivedData/EditablePDF-anssphkirsootggvdfrbagwhqarc/Build/Intermediates.noindex/EditablePDF.build/Debug-iphonesimulator/EditablePDF.build/swift-overrides.hmap -emit-const-values -Xfrontend -const-gather-protocols-file -Xfrontend /Users/saimumarafat/Library/Developer/Xcode/DerivedData/EditablePDF-anssphkirsootggvdfrbagwhqarc/Build/Intermediates.noindex/EditablePDF.build/Debug-iphonesimulator/EditablePDF.build/Objects-normal/arm64/EditablePDF_const_extract_protocols.json -Xcc -iquote -Xcc /Users/saimumarafat/Library/Developer/Xcode/DerivedData/EditablePDF-anssphkirsootggvdfrbagwhqarc/Build/Intermediates.noindex/EditablePDF.build/Debug-iphonesimulator/EditablePDF.build/EditablePDF-generated-files.hmap -Xcc -I/Users/saimumarafat/Library/Developer/Xcode/DerivedData/EditablePDF-anssphkirsootggvdfrbagwhqarc/Build/Intermediates.noindex/EditablePDF.build/Debug-iphonesimulator/EditablePDF.build/EditablePDF-own-target-headers.hmap -Xcc -I/Users/saimumarafat/Library/Developer/Xcode/DerivedData/EditablePDF-anssphkirsootggvdfrbagwhqarc/Build/Intermediates.noindex/EditablePDF.build/Debug-iphonesimulator/EditablePDF.build/EditablePDF-all-target-headers.hmap -Xcc -iquote -Xcc /Users/saimumarafat/Library/Developer/Xcode/DerivedData/EditablePDF-anssphkirsootggvdfrbagwhqarc/Build/Intermediates.noindex/EditablePDF.build/Debug-iphonesimulator/EditablePDF.build/EditablePDF-project-headers.hmap -Xcc -I/Users/saimumarafat/Library/Developer/Xcode/DerivedData/EditablePDF-anssphkirsootggvdfrbagwhqarc/Build/Products/Debug-iphonesimulator/include -Xcc -I/Users/saimumarafat/Library/Developer/Xcode/DerivedData/EditablePDF-anssphkirsootggvdfrbagwhqarc/Build/Intermediates.noindex/EditablePDF.build/Debug-iphonesimulator/EditablePDF.build/DerivedSources-normal/arm64 -Xcc -I/Users/saimumarafat/Library/Developer/Xcode/DerivedData/EditablePDF-anssphkirsootggvdfrbagwhqarc/Build/Intermediates.noindex/EditablePDF.build/Debug-iphonesimulator/EditablePDF.build/DerivedSources/arm64 -Xcc -I/Users/saimumarafat/Library/Developer/Xcode/DerivedData/EditablePDF-anssphkirsootggvdfrbagwhqarc/Build/Intermediates.noindex/EditablePDF.build/Debug-iphonesimulator/EditablePDF.build/DerivedSources -emit-objc-header -emit-objc-header-path /Users/saimumarafat/Library/Developer/Xcode/DerivedData/EditablePDF-anssphkirsootggvdfrbagwhqarc/Build/Intermediates.noindex/EditablePDF.build/Debug-iphonesimulator/EditablePDF.build/Objects-normal/arm64/EditablePDF-Swift.h -working-directory /Users/saimumarafat/PDF -experimental-emit-module-separately -disable-cmo

SwiftDriver EditablePDF normal x86_64 com.apple.xcode.tools.swift.compiler (in target 'EditablePDF' from project 'EditablePDF')
    cd /Users/saimumarafat/PDF
    builtin-SwiftDriver -- /Applications/Xcode.app/Contents/Developer/Toolchains/XcodeDefault.xctoolchain/usr/bin/swiftc -module-name EditablePDF -O @/Users/saimumarafat/Library/Developer/Xcode/DerivedData/EditablePDF-anssphkirsootggvdfrbagwhqarc/Build/Intermediates.noindex/EditablePDF.build/Debug-iphonesimulator/EditablePDF.build/Objects-normal/x86_64/EditablePDF.SwiftFileList -enable-experimental-feature DebugDescriptionMacro -sdk /Applications/Xcode.app/Contents/Developer/Platforms/iPhoneSimulator.platform/Developer/SDKs/iPhoneSimulator26.4.sdk -target x86_64-apple-ios18.0-simulator -g -module-cache-path /Users/saimumarafat/Library/Developer/Xcode/DerivedData/ModuleCache.noindex -Xfrontend -serialize-debugging-options -swift-version 6 -I /Users/saimumarafat/Library/Developer/Xcode/DerivedData/EditablePDF-anssphkirsootggvdfrbagwhqarc/Build/Products/Debug-iphonesimulator -F /Users/saimumarafat/Library/Developer/Xcode/DerivedData/EditablePDF-anssphkirsootggvdfrbagwhqarc/Build/Products/Debug-iphonesimulator -emit-localized-strings -emit-localized-strings-path /Users/saimumarafat/Library/Developer/Xcode/DerivedData/EditablePDF-anssphkirsootggvdfrbagwhqarc/Build/Intermediates.noindex/EditablePDF.build/Debug-iphonesimulator/EditablePDF.build/Objects-normal/x86_64 -c -j8 -enable-batch-mode -incremental -Xcc -ivfsstatcache -Xcc /Users/saimumarafat/Library/Developer/Xcode/DerivedData/SDKStatCaches.noindex/iphonesimulator26.4-23E237-686eebb5dc1d8ecb277353a59184f4aa.sdkstatcache -output-file-map /Users/saimumarafat/Library/Developer/Xcode/DerivedData/EditablePDF-anssphkirsootggvdfrbagwhqarc/Build/Intermediates.noindex/EditablePDF.build/Debug-iphonesimulator/EditablePDF.build/Objects-normal/x86_64/EditablePDF-OutputFileMap.json -use-frontend-parseable-output -save-temps -no-color-diagnostics -explicit-module-build -module-cache-path /Users/saimumarafat/Library/Developer/Xcode/DerivedData/EditablePDF-anssphkirsootggvdfrbagwhqarc/Build/Intermediates.noindex/SwiftExplicitPrecompiledModules -clang-scanner-module-cache-path /Users/saimumarafat/Library/Developer/Xcode/DerivedData/ModuleCache.noindex -sdk-module-cache-path /Users/saimumarafat/Library/Developer/Xcode/DerivedData/ModuleCache.noindex -serialize-diagnostics -emit-dependencies -emit-module -emit-module-path /Users/saimumarafat/Library/Developer/Xcode/DerivedData/EditablePDF-anssphkirsootggvdfrbagwhqarc/Build/Intermediates.noindex/EditablePDF.build/Debug-iphonesimulator/EditablePDF.build/Objects-normal/x86_64/EditablePDF.swiftmodule -validate-clang-modules-once -clang-build-session-file /Users/saimumarafat/Library/Developer/Xcode/DerivedData/ModuleCache.noindex/Session.modulevalidation -Xcc -I/Users/saimumarafat/Library/Developer/Xcode/DerivedData/EditablePDF-anssphkirsootggvdfrbagwhqarc/Build/Intermediates.noindex/EditablePDF.build/Debug-iphonesimulator/EditablePDF.build/swift-overrides.hmap -emit-const-values -Xfrontend -const-gather-protocols-file -Xfrontend /Users/saimumarafat/Library/Developer/Xcode/DerivedData/EditablePDF-anssphkirsootggvdfrbagwhqarc/Build/Intermediates.noindex/EditablePDF.build/Debug-iphonesimulator/EditablePDF.build/Objects-normal/x86_64/EditablePDF_const_extract_protocols.json -Xcc -iquote -Xcc /Users/saimumarafat/Library/Developer/Xcode/DerivedData/EditablePDF-anssphkirsootggvdfrbagwhqarc/Build/Intermediates.noindex/EditablePDF.build/Debug-iphonesimulator/EditablePDF.build/EditablePDF-generated-files.hmap -Xcc -I/Users/saimumarafat/Library/Developer/Xcode/DerivedData/EditablePDF-anssphkirsootggvdfrbagwhqarc/Build/Intermediates.noindex/EditablePDF.build/Debug-iphonesimulator/EditablePDF.build/EditablePDF-own-target-headers.hmap -Xcc -I/Users/saimumarafat/Library/Developer/Xcode/DerivedData/EditablePDF-anssphkirsootggvdfrbagwhqarc/Build/Intermediates.noindex/EditablePDF.build/Debug-iphonesimulator/EditablePDF.build/EditablePDF-all-target-headers.hmap -Xcc -iquote -Xcc /Users/saimumarafat/Library/Developer/Xcode/DerivedData/EditablePDF-anssphkirsootggvdfrbagwhqarc/Build/Intermediates.noindex/EditablePDF.build/Debug-iphonesimulator/EditablePDF.build/EditablePDF-project-headers.hmap -Xcc -I/Users/saimumarafat/Library/Developer/Xcode/DerivedData/EditablePDF-anssphkirsootggvdfrbagwhqarc/Build/Products/Debug-iphonesimulator/include -Xcc -I/Users/saimumarafat/Library/Developer/Xcode/DerivedData/EditablePDF-anssphkirsootggvdfrbagwhqarc/Build/Intermediates.noindex/EditablePDF.build/Debug-iphonesimulator/EditablePDF.build/DerivedSources-normal/x86_64 -Xcc -I/Users/saimumarafat/Library/Developer/Xcode/DerivedData/EditablePDF-anssphkirsootggvdfrbagwhqarc/Build/Intermediates.noindex/EditablePDF.build/Debug-iphonesimulator/EditablePDF.build/DerivedSources/x86_64 -Xcc -I/Users/saimumarafat/Library/Developer/Xcode/DerivedData/EditablePDF-anssphkirsootggvdfrbagwhqarc/Build/Intermediates.noindex/EditablePDF.build/Debug-iphonesimulator/EditablePDF.build/DerivedSources -emit-objc-header -emit-objc-header-path /Users/saimumarafat/Library/Developer/Xcode/DerivedData/EditablePDF-anssphkirsootggvdfrbagwhqarc/Build/Intermediates.noindex/EditablePDF.build/Debug-iphonesimulator/EditablePDF.build/Objects-normal/x86_64/EditablePDF-Swift.h -working-directory /Users/saimumarafat/PDF -experimental-emit-module-separately -disable-cmo

SwiftEmitModule normal arm64 Emitting\ module\ for\ EditablePDF (in target 'EditablePDF' from project 'EditablePDF')

EmitSwiftModule normal arm64 (in target 'EditablePDF' from project 'EditablePDF')
    cd /Users/saimumarafat/PDF
    

SwiftEmitModule normal x86_64 Emitting\ module\ for\ EditablePDF (in target 'EditablePDF' from project 'EditablePDF')
EmitSwiftModule normal x86_64 (in target 'EditablePDF' from project 'EditablePDF')
    cd /Users/saimumarafat/PDF
    

SwiftCompile normal x86_64 Compiling\ EditableDocumentAPI.swift /Users/saimumarafat/PDF/Backend/EditableDocumentAPI.swift (in target 'EditablePDF' from project 'EditablePDF')
SwiftCompile normal x86_64 /Users/saimumarafat/PDF/Backend/EditableDocumentAPI.swift (in target 'EditablePDF' from project 'EditablePDF')
    cd /Users/saimumarafat/PDF
    

SwiftCompile normal arm64 Compiling\ EditableDocumentAPI.swift /Users/saimumarafat/PDF/Backend/EditableDocumentAPI.swift (in target 'EditablePDF' from project 'EditablePDF')
SwiftCompile normal arm64 /Users/saimumarafat/PDF/Backend/EditableDocumentAPI.swift (in target 'EditablePDF' from project 'EditablePDF')
    cd /Users/saimumarafat/PDF
    

SwiftDriverJobDiscovery normal arm64 Emitting module for EditablePDF (in target 'EditablePDF' from project 'EditablePDF')

SwiftDriver\ Compilation\ Requirements EditablePDF normal arm64 com.apple.xcode.tools.swift.compiler (in target 'EditablePDF' from project 'EditablePDF')
    cd /Users/saimumarafat/PDF
    builtin-Swift-Compilation-Requirements -- /Applications/Xcode.app/Contents/Developer/Toolchains/XcodeDefault.xctoolchain/usr/bin/swiftc -module-name EditablePDF -O @/Users/saimumarafat/Library/Developer/Xcode/DerivedData/EditablePDF-anssphkirsootggvdfrbagwhqarc/Build/Intermediates.noindex/EditablePDF.build/Debug-iphonesimulator/EditablePDF.build/Objects-normal/arm64/EditablePDF.SwiftFileList -enable-experimental-feature DebugDescriptionMacro -sdk /Applications/Xcode.app/Contents/Developer/Platforms/iPhoneSimulator.platform/Developer/SDKs/iPhoneSimulator26.4.sdk -target arm64-apple-ios18.0-simulator -g -module-cache-path /Users/saimumarafat/Library/Developer/Xcode/DerivedData/ModuleCache.noindex -Xfrontend -serialize-debugging-options -swift-version 6 -I /Users/saimumarafat/Library/Developer/Xcode/DerivedData/EditablePDF-anssphkirsootggvdfrbagwhqarc/Build/Products/Debug-iphonesimulator -F /Users/saimumarafat/Library/Developer/Xcode/DerivedData/EditablePDF-anssphkirsootggvdfrbagwhqarc/Build/Products/Debug-iphonesimulator -emit-localized-strings -emit-localized-strings-path /Users/saimumarafat/Library/Developer/Xcode/DerivedData/EditablePDF-anssphkirsootggvdfrbagwhqarc/Build/Intermediates.noindex/EditablePDF.build/Debug-iphonesimulator/EditablePDF.build/Objects-normal/arm64 -c -j8 -enable-batch-mode -incremental -Xcc -ivfsstatcache -Xcc /Users/saimumarafat/Library/Developer/Xcode/DerivedData/SDKStatCaches.noindex/iphonesimulator26.4-23E237-686eebb5dc1d8ecb277353a59184f4aa.sdkstatcache -output-file-map /Users/saimumarafat/Library/Developer/Xcode/DerivedData/EditablePDF-anssphkirsootggvdfrbagwhqarc/Build/Intermediates.noindex/EditablePDF.build/Debug-iphonesimulator/EditablePDF.build/Objects-normal/arm64/EditablePDF-OutputFileMap.json -use-frontend-parseable-output -save-temps -no-color-diagnostics -explicit-module-build -module-cache-path /Users/saimumarafat/Library/Developer/Xcode/DerivedData/EditablePDF-anssphkirsootggvdfrbagwhqarc/Build/Intermediates.noindex/SwiftExplicitPrecompiledModules -clang-scanner-module-cache-path /Users/saimumarafat/Library/Developer/Xcode/DerivedData/ModuleCache.noindex -sdk-module-cache-path /Users/saimumarafat/Library/Developer/Xcode/DerivedData/ModuleCache.noindex -serialize-diagnostics -emit-dependencies -emit-module -emit-module-path /Users/saimumarafat/Library/Developer/Xcode/DerivedData/EditablePDF-anssphkirsootggvdfrbagwhqarc/Build/Intermediates.noindex/EditablePDF.build/Debug-iphonesimulator/EditablePDF.build/Objects-normal/arm64/EditablePDF.swiftmodule -validate-clang-modules-once -clang-build-session-file /Users/saimumarafat/Library/Developer/Xcode/DerivedData/ModuleCache.noindex/Session.modulevalidation -Xcc -I/Users/saimumarafat/Library/Developer/Xcode/DerivedData/EditablePDF-anssphkirsootggvdfrbagwhqarc/Build/Intermediates.noindex/EditablePDF.build/Debug-iphonesimulator/EditablePDF.build/swift-overrides.hmap -emit-const-values -Xfrontend -const-gather-protocols-file -Xfrontend /Users/saimumarafat/Library/Developer/Xcode/DerivedData/EditablePDF-anssphkirsootggvdfrbagwhqarc/Build/Intermediates.noindex/EditablePDF.build/Debug-iphonesimulator/EditablePDF.build/Objects-normal/arm64/EditablePDF_const_extract_protocols.json -Xcc -iquote -Xcc /Users/saimumarafat/Library/Developer/Xcode/DerivedData/EditablePDF-anssphkirsootggvdfrbagwhqarc/Build/Intermediates.noindex/EditablePDF.build/Debug-iphonesimulator/EditablePDF.build/EditablePDF-generated-files.hmap -Xcc -I/Users/saimumarafat/Library/Developer/Xcode/DerivedData/EditablePDF-anssphkirsootggvdfrbagwhqarc/Build/Intermediates.noindex/EditablePDF.build/Debug-iphonesimulator/EditablePDF.build/EditablePDF-own-target-headers.hmap -Xcc -I/Users/saimumarafat/Library/Developer/Xcode/DerivedData/EditablePDF-anssphkirsootggvdfrbagwhqarc/Build/Intermediates.noindex/EditablePDF.build/Debug-iphonesimulator/EditablePDF.build/EditablePDF-all-target-headers.hmap -Xcc -iquote -Xcc /Users/saimumarafat/Library/Developer/Xcode/DerivedData/EditablePDF-anssphkirsootggvdfrbagwhqarc/Build/Intermediates.noindex/EditablePDF.build/Debug-iphonesimulator/EditablePDF.build/EditablePDF-project-headers.hmap -Xcc -I/Users/saimumarafat/Library/Developer/Xcode/DerivedData/EditablePDF-anssphkirsootggvdfrbagwhqarc/Build/Products/Debug-iphonesimulator/include -Xcc -I/Users/saimumarafat/Library/Developer/Xcode/DerivedData/EditablePDF-anssphkirsootggvdfrbagwhqarc/Build/Intermediates.noindex/EditablePDF.build/Debug-iphonesimulator/EditablePDF.build/DerivedSources-normal/arm64 -Xcc -I/Users/saimumarafat/Library/Developer/Xcode/DerivedData/EditablePDF-anssphkirsootggvdfrbagwhqarc/Build/Intermediates.noindex/EditablePDF.build/Debug-iphonesimulator/EditablePDF.build/DerivedSources/arm64 -Xcc -I/Users/saimumarafat/Library/Developer/Xcode/DerivedData/EditablePDF-anssphkirsootggvdfrbagwhqarc/Build/Intermediates.noindex/EditablePDF.build/Debug-iphonesimulator/EditablePDF.build/DerivedSources -emit-objc-header -emit-objc-header-path /Users/saimumarafat/Library/Developer/Xcode/DerivedData/EditablePDF-anssphkirsootggvdfrbagwhqarc/Build/Intermediates.noindex/EditablePDF.build/Debug-iphonesimulator/EditablePDF.build/Objects-normal/arm64/EditablePDF-Swift.h -working-directory /Users/saimumarafat/PDF -experimental-emit-module-separately -disable-cmo

SwiftDriverJobDiscovery normal x86_64 Emitting module for EditablePDF (in target 'EditablePDF' from project 'EditablePDF')

Copy /Users/saimumarafat/Library/Developer/Xcode/DerivedData/EditablePDF-anssphkirsootggvdfrbagwhqarc/Build/Products/Debug-iphonesimulator/EditablePDF.swiftmodule/arm64-apple-ios-simulator.abi.json /Users/saimumarafat/Library/Developer/Xcode/DerivedData/EditablePDF-anssphkirsootggvdfrbagwhqarc/Build/Intermediates.noindex/EditablePDF.build/Debug-iphonesimulator/EditablePDF.build/Objects-normal/arm64/EditablePDF.abi.json (in target 'EditablePDF' from project 'EditablePDF')
    cd /Users/saimumarafat/PDF
    builtin-copy -exclude .DS_Store -exclude CVS -exclude .svn -exclude .git -exclude .hg -strip-unsigned-binaries -strip-deterministic -strip-tool /Applications/Xcode.app/Contents/Developer/Toolchains/XcodeDefault.xctoolchain/usr/bin/strip -resolve-src-symlinks -rename /Users/saimumarafat/Library/Developer/Xcode/DerivedData/EditablePDF-anssphkirsootggvdfrbagwhqarc/Build/Intermediates.noindex/EditablePDF.build/Debug-iphonesimulator/EditablePDF.build/Objects-normal/arm64/EditablePDF.abi.json /Users/saimumarafat/Library/Developer/Xcode/DerivedData/EditablePDF-anssphkirsootggvdfrbagwhqarc/Build/Products/Debug-iphonesimulator/EditablePDF.swiftmodule/arm64-apple-ios-simulator.abi.json

Copy /Users/saimumarafat/Library/Developer/Xcode/DerivedData/EditablePDF-anssphkirsootggvdfrbagwhqarc/Build/Products/Debug-iphonesimulator/EditablePDF.swiftmodule/arm64-apple-ios-simulator.swiftmodule /Users/saimumarafat/Library/Developer/Xcode/DerivedData/EditablePDF-anssphkirsootggvdfrbagwhqarc/Build/Intermediates.noindex/EditablePDF.build/Debug-iphonesimulator/EditablePDF.build/Objects-normal/arm64/EditablePDF.swiftmodule (in target 'EditablePDF' from project 'EditablePDF')
    cd /Users/saimumarafat/PDF
    builtin-copy -exclude .DS_Store -exclude CVS -exclude .svn -exclude .git -exclude .hg -strip-unsigned-binaries -strip-deterministic -strip-tool /Applications/Xcode.app/Contents/Developer/Toolchains/XcodeDefault.xctoolchain/usr/bin/strip -resolve-src-symlinks -rename /Users/saimumarafat/Library/Developer/Xcode/DerivedData/EditablePDF-anssphkirsootggvdfrbagwhqarc/Build/Intermediates.noindex/EditablePDF.build/Debug-iphonesimulator/EditablePDF.build/Objects-normal/arm64/EditablePDF.swiftmodule /Users/saimumarafat/Library/Developer/Xcode/DerivedData/EditablePDF-anssphkirsootggvdfrbagwhqarc/Build/Products/Debug-iphonesimulator/EditablePDF.swiftmodule/arm64-apple-ios-simulator.swiftmodule

Copy /Users/saimumarafat/Library/Developer/Xcode/DerivedData/EditablePDF-anssphkirsootggvdfrbagwhqarc/Build/Products/Debug-iphonesimulator/EditablePDF.swiftmodule/Project/arm64-apple-ios-simulator.swiftsourceinfo /Users/saimumarafat/Library/Developer/Xcode/DerivedData/EditablePDF-anssphkirsootggvdfrbagwhqarc/Build/Intermediates.noindex/EditablePDF.build/Debug-iphonesimulator/EditablePDF.build/Objects-normal/arm64/EditablePDF.swiftsourceinfo (in target 'EditablePDF' from project 'EditablePDF')
    cd /Users/saimumarafat/PDF
    builtin-copy -exclude .DS_Store -exclude CVS -exclude .svn -exclude .git -exclude .hg -strip-unsigned-binaries -strip-deterministic -strip-tool /Applications/Xcode.app/Contents/Developer/Toolchains/XcodeDefault.xctoolchain/usr/bin/strip -resolve-src-symlinks -rename /Users/saimumarafat/Library/Developer/Xcode/DerivedData/EditablePDF-anssphkirsootggvdfrbagwhqarc/Build/Intermediates.noindex/EditablePDF.build/Debug-iphonesimulator/EditablePDF.build/Objects-normal/arm64/EditablePDF.swiftsourceinfo /Users/saimumarafat/Library/Developer/Xcode/DerivedData/EditablePDF-anssphkirsootggvdfrbagwhqarc/Build/Products/Debug-iphonesimulator/EditablePDF.swiftmodule/Project/arm64-apple-ios-simulator.swiftsourceinfo

SwiftDriver\ Compilation\ Requirements EditablePDF normal x86_64 com.apple.xcode.tools.swift.compiler (in target 'EditablePDF' from project 'EditablePDF')
    cd /Users/saimumarafat/PDF
    builtin-Swift-Compilation-Requirements -- /Applications/Xcode.app/Contents/Developer/Toolchains/XcodeDefault.xctoolchain/usr/bin/swiftc -module-name EditablePDF -O @/Users/saimumarafat/Library/Developer/Xcode/DerivedData/EditablePDF-anssphkirsootggvdfrbagwhqarc/Build/Intermediates.noindex/EditablePDF.build/Debug-iphonesimulator/EditablePDF.build/Objects-normal/x86_64/EditablePDF.SwiftFileList -enable-experimental-feature DebugDescriptionMacro -sdk /Applications/Xcode.app/Contents/Developer/Platforms/iPhoneSimulator.platform/Developer/SDKs/iPhoneSimulator26.4.sdk -target x86_64-apple-ios18.0-simulator -g -module-cache-path /Users/saimumarafat/Library/Developer/Xcode/DerivedData/ModuleCache.noindex -Xfrontend -serialize-debugging-options -swift-version 6 -I /Users/saimumarafat/Library/Developer/Xcode/DerivedData/EditablePDF-anssphkirsootggvdfrbagwhqarc/Build/Products/Debug-iphonesimulator -F /Users/saimumarafat/Library/Developer/Xcode/DerivedData/EditablePDF-anssphkirsootggvdfrbagwhqarc/Build/Products/Debug-iphonesimulator -emit-localized-strings -emit-localized-strings-path /Users/saimumarafat/Library/Developer/Xcode/DerivedData/EditablePDF-anssphkirsootggvdfrbagwhqarc/Build/Intermediates.noindex/EditablePDF.build/Debug-iphonesimulator/EditablePDF.build/Objects-normal/x86_64 -c -j8 -enable-batch-mode -incremental -Xcc -ivfsstatcache -Xcc /Users/saimumarafat/Library/Developer/Xcode/DerivedData/SDKStatCaches.noindex/iphonesimulator26.4-23E237-686eebb5dc1d8ecb277353a59184f4aa.sdkstatcache -output-file-map /Users/saimumarafat/Library/Developer/Xcode/DerivedData/EditablePDF-anssphkirsootggvdfrbagwhqarc/Build/Intermediates.noindex/EditablePDF.build/Debug-iphonesimulator/EditablePDF.build/Objects-normal/x86_64/EditablePDF-OutputFileMap.json -use-frontend-parseable-output -save-temps -no-color-diagnostics -explicit-module-build -module-cache-path /Users/saimumarafat/Library/Developer/Xcode/DerivedData/EditablePDF-anssphkirsootggvdfrbagwhqarc/Build/Intermediates.noindex/SwiftExplicitPrecompiledModules -clang-scanner-module-cache-path /Users/saimumarafat/Library/Developer/Xcode/DerivedData/ModuleCache.noindex -sdk-module-cache-path /Users/saimumarafat/Library/Developer/Xcode/DerivedData/ModuleCache.noindex -serialize-diagnostics -emit-dependencies -emit-module -emit-module-path /Users/saimumarafat/Library/Developer/Xcode/DerivedData/EditablePDF-anssphkirsootggvdfrbagwhqarc/Build/Intermediates.noindex/EditablePDF.build/Debug-iphonesimulator/EditablePDF.build/Objects-normal/x86_64/EditablePDF.swiftmodule -validate-clang-modules-once -clang-build-session-file /Users/saimumarafat/Library/Developer/Xcode/DerivedData/ModuleCache.noindex/Session.modulevalidation -Xcc -I/Users/saimumarafat/Library/Developer/Xcode/DerivedData/EditablePDF-anssphkirsootggvdfrbagwhqarc/Build/Intermediates.noindex/EditablePDF.build/Debug-iphonesimulator/EditablePDF.build/swift-overrides.hmap -emit-const-values -Xfrontend -const-gather-protocols-file -Xfrontend /Users/saimumarafat/Library/Developer/Xcode/DerivedData/EditablePDF-anssphkirsootggvdfrbagwhqarc/Build/Intermediates.noindex/EditablePDF.build/Debug-iphonesimulator/EditablePDF.build/Objects-normal/x86_64/EditablePDF_const_extract_protocols.json -Xcc -iquote -Xcc /Users/saimumarafat/Library/Developer/Xcode/DerivedData/EditablePDF-anssphkirsootggvdfrbagwhqarc/Build/Intermediates.noindex/EditablePDF.build/Debug-iphonesimulator/EditablePDF.build/EditablePDF-generated-files.hmap -Xcc -I/Users/saimumarafat/Library/Developer/Xcode/DerivedData/EditablePDF-anssphkirsootggvdfrbagwhqarc/Build/Intermediates.noindex/EditablePDF.build/Debug-iphonesimulator/EditablePDF.build/EditablePDF-own-target-headers.hmap -Xcc -I/Users/saimumarafat/Library/Developer/Xcode/DerivedData/EditablePDF-anssphkirsootggvdfrbagwhqarc/Build/Intermediates.noindex/EditablePDF.build/Debug-iphonesimulator/EditablePDF.build/EditablePDF-all-target-headers.hmap -Xcc -iquote -Xcc /Users/saimumarafat/Library/Developer/Xcode/DerivedData/EditablePDF-anssphkirsootggvdfrbagwhqarc/Build/Intermediates.noindex/EditablePDF.build/Debug-iphonesimulator/EditablePDF.build/EditablePDF-project-headers.hmap -Xcc -I/Users/saimumarafat/Library/Developer/Xcode/DerivedData/EditablePDF-anssphkirsootggvdfrbagwhqarc/Build/Products/Debug-iphonesimulator/include -Xcc -I/Users/saimumarafat/Library/Developer/Xcode/DerivedData/EditablePDF-anssphkirsootggvdfrbagwhqarc/Build/Intermediates.noindex/EditablePDF.build/Debug-iphonesimulator/EditablePDF.build/DerivedSources-normal/x86_64 -Xcc -I/Users/saimumarafat/Library/Developer/Xcode/DerivedData/EditablePDF-anssphkirsootggvdfrbagwhqarc/Build/Intermediates.noindex/EditablePDF.build/Debug-iphonesimulator/EditablePDF.build/DerivedSources/x86_64 -Xcc -I/Users/saimumarafat/Library/Developer/Xcode/DerivedData/EditablePDF-anssphkirsootggvdfrbagwhqarc/Build/Intermediates.noindex/EditablePDF.build/Debug-iphonesimulator/EditablePDF.build/DerivedSources -emit-objc-header -emit-objc-header-path /Users/saimumarafat/Library/Developer/Xcode/DerivedData/EditablePDF-anssphkirsootggvdfrbagwhqarc/Build/Intermediates.noindex/EditablePDF.build/Debug-iphonesimulator/EditablePDF.build/Objects-normal/x86_64/EditablePDF-Swift.h -working-directory /Users/saimumarafat/PDF -experimental-emit-module-separately -disable-cmo

Copy /Users/saimumarafat/Library/Developer/Xcode/DerivedData/EditablePDF-anssphkirsootggvdfrbagwhqarc/Build/Products/Debug-iphonesimulator/EditablePDF.swiftmodule/Project/x86_64-apple-ios-simulator.swiftsourceinfo /Users/saimumarafat/Library/Developer/Xcode/DerivedData/EditablePDF-anssphkirsootggvdfrbagwhqarc/Build/Intermediates.noindex/EditablePDF.build/Debug-iphonesimulator/EditablePDF.build/Objects-normal/x86_64/EditablePDF.swiftsourceinfo (in target 'EditablePDF' from project 'EditablePDF')
    cd /Users/saimumarafat/PDF
    builtin-copy -exclude .DS_Store -exclude CVS -exclude .svn -exclude .git -exclude .hg -strip-unsigned-binaries -strip-deterministic -strip-tool /Applications/Xcode.app/Contents/Developer/Toolchains/XcodeDefault.xctoolchain/usr/bin/strip -resolve-src-symlinks -rename /Users/saimumarafat/Library/Developer/Xcode/DerivedData/EditablePDF-anssphkirsootggvdfrbagwhqarc/Build/Intermediates.noindex/EditablePDF.build/Debug-iphonesimulator/EditablePDF.build/Objects-normal/x86_64/EditablePDF.swiftsourceinfo /Users/saimumarafat/Library/Developer/Xcode/DerivedData/EditablePDF-anssphkirsootggvdfrbagwhqarc/Build/Products/Debug-iphonesimulator/EditablePDF.swiftmodule/Project/x86_64-apple-ios-simulator.swiftsourceinfo

Copy /Users/saimumarafat/Library/Developer/Xcode/DerivedData/EditablePDF-anssphkirsootggvdfrbagwhqarc/Build/Products/Debug-iphonesimulator/EditablePDF.swiftmodule/x86_64-apple-ios-simulator.abi.json /Users/saimumarafat/Library/Developer/Xcode/DerivedData/EditablePDF-anssphkirsootggvdfrbagwhqarc/Build/Intermediates.noindex/EditablePDF.build/Debug-iphonesimulator/EditablePDF.build/Objects-normal/x86_64/EditablePDF.abi.json (in target 'EditablePDF' from project 'EditablePDF')
    cd /Users/saimumarafat/PDF
    builtin-copy -exclude .DS_Store -exclude CVS -exclude .svn -exclude .git -exclude .hg -strip-unsigned-binaries -strip-deterministic -strip-tool /Applications/Xcode.app/Contents/Developer/Toolchains/XcodeDefault.xctoolchain/usr/bin/strip -resolve-src-symlinks -rename /Users/saimumarafat/Library/Developer/Xcode/DerivedData/EditablePDF-anssphkirsootggvdfrbagwhqarc/Build/Intermediates.noindex/EditablePDF.build/Debug-iphonesimulator/EditablePDF.build/Objects-normal/x86_64/EditablePDF.abi.json /Users/saimumarafat/Library/Developer/Xcode/DerivedData/EditablePDF-anssphkirsootggvdfrbagwhqarc/Build/Products/Debug-iphonesimulator/EditablePDF.swiftmodule/x86_64-apple-ios-simulator.abi.json

Copy /Users/saimumarafat/Library/Developer/Xcode/DerivedData/EditablePDF-anssphkirsootggvdfrbagwhqarc/Build/Products/Debug-iphonesimulator/EditablePDF.swiftmodule/x86_64-apple-ios-simulator.swiftmodule /Users/saimumarafat/Library/Developer/Xcode/DerivedData/EditablePDF-anssphkirsootggvdfrbagwhqarc/Build/Intermediates.noindex/EditablePDF.build/Debug-iphonesimulator/EditablePDF.build/Objects-normal/x86_64/EditablePDF.swiftmodule (in target 'EditablePDF' from project 'EditablePDF')
    cd /Users/saimumarafat/PDF
    builtin-copy -exclude .DS_Store -exclude CVS -exclude .svn -exclude .git -exclude .hg -strip-unsigned-binaries -strip-deterministic -strip-tool /Applications/Xcode.app/Contents/Developer/Toolchains/XcodeDefault.xctoolchain/usr/bin/strip -resolve-src-symlinks -rename /Users/saimumarafat/Library/Developer/Xcode/DerivedData/EditablePDF-anssphkirsootggvdfrbagwhqarc/Build/Intermediates.noindex/EditablePDF.build/Debug-iphonesimulator/EditablePDF.build/Objects-normal/x86_64/EditablePDF.swiftmodule /Users/saimumarafat/Library/Developer/Xcode/DerivedData/EditablePDF-anssphkirsootggvdfrbagwhqarc/Build/Products/Debug-iphonesimulator/EditablePDF.swiftmodule/x86_64-apple-ios-simulator.swiftmodule

SwiftDriverJobDiscovery normal x86_64 Compiling EditableDocumentAPI.swift (in target 'EditablePDF' from project 'EditablePDF')

SwiftCompile normal x86_64 Compiling\ DocumentStore.swift /Users/saimumarafat/PDF/Features/Home/DocumentStore.swift (in target 'EditablePDF' from project 'EditablePDF')

SwiftCompile normal x86_64 /Users/saimumarafat/PDF/Features/Home/DocumentStore.swift (in target 'EditablePDF' from project 'EditablePDF')
    cd /Users/saimumarafat/PDF
    

SwiftDriverJobDiscovery normal arm64 Compiling EditableDocumentAPI.swift (in target 'EditablePDF' from project 'EditablePDF')

SwiftCompile normal arm64 Compiling\ DocumentStore.swift /Users/saimumarafat/PDF/Features/Home/DocumentStore.swift (in target 'EditablePDF' from project 'EditablePDF')
SwiftCompile normal arm64 /Users/saimumarafat/PDF/Features/Home/DocumentStore.swift (in target 'EditablePDF' from project 'EditablePDF')
    cd /Users/saimumarafat/PDF
    

SwiftDriverJobDiscovery normal x86_64 Compiling DocumentStore.swift (in target 'EditablePDF' from project 'EditablePDF')

SwiftDriver\ Compilation EditablePDF normal x86_64 com.apple.xcode.tools.swift.compiler (in target 'EditablePDF' from project 'EditablePDF')
    cd /Users/saimumarafat/PDF
    builtin-Swift-Compilation -- /Applications/Xcode.app/Contents/Developer/Toolchains/XcodeDefault.xctoolchain/usr/bin/swiftc -module-name EditablePDF -O @/Users/saimumarafat/Library/Developer/Xcode/DerivedData/EditablePDF-anssphkirsootggvdfrbagwhqarc/Build/Intermediates.noindex/EditablePDF.build/Debug-iphonesimulator/EditablePDF.build/Objects-normal/x86_64/EditablePDF.SwiftFileList -enable-experimental-feature DebugDescriptionMacro -sdk /Applications/Xcode.app/Contents/Developer/Platforms/iPhoneSimulator.platform/Developer/SDKs/iPhoneSimulator26.4.sdk -target x86_64-apple-ios18.0-simulator -g -module-cache-path /Users/saimumarafat/Library/Developer/Xcode/DerivedData/ModuleCache.noindex -Xfrontend -serialize-debugging-options -swift-version 6 -I /Users/saimumarafat/Library/Developer/Xcode/DerivedData/EditablePDF-anssphkirsootggvdfrbagwhqarc/Build/Products/Debug-iphonesimulator -F /Users/saimumarafat/Library/Developer/Xcode/DerivedData/EditablePDF-anssphkirsootggvdfrbagwhqarc/Build/Products/Debug-iphonesimulator -emit-localized-strings -emit-localized-strings-path /Users/saimumarafat/Library/Developer/Xcode/DerivedData/EditablePDF-anssphkirsootggvdfrbagwhqarc/Build/Intermediates.noindex/EditablePDF.build/Debug-iphonesimulator/EditablePDF.build/Objects-normal/x86_64 -c -j8 -enable-batch-mode -incremental -Xcc -ivfsstatcache -Xcc /Users/saimumarafat/Library/Developer/Xcode/DerivedData/SDKStatCaches.noindex/iphonesimulator26.4-23E237-686eebb5dc1d8ecb277353a59184f4aa.sdkstatcache -output-file-map /Users/saimumarafat/Library/Developer/Xcode/DerivedData/EditablePDF-anssphkirsootggvdfrbagwhqarc/Build/Intermediates.noindex/EditablePDF.build/Debug-iphonesimulator/EditablePDF.build/Objects-normal/x86_64/EditablePDF-OutputFileMap.json -use-frontend-parseable-output -save-temps -no-color-diagnostics -explicit-module-build -module-cache-path /Users/saimumarafat/Library/Developer/Xcode/DerivedData/EditablePDF-anssphkirsootggvdfrbagwhqarc/Build/Intermediates.noindex/SwiftExplicitPrecompiledModules -clang-scanner-module-cache-path /Users/saimumarafat/Library/Developer/Xcode/DerivedData/ModuleCache.noindex -sdk-module-cache-path /Users/saimumarafat/Library/Developer/Xcode/DerivedData/ModuleCache.noindex -serialize-diagnostics -emit-dependencies -emit-module -emit-module-path /Users/saimumarafat/Library/Developer/Xcode/DerivedData/EditablePDF-anssphkirsootggvdfrbagwhqarc/Build/Intermediates.noindex/EditablePDF.build/Debug-iphonesimulator/EditablePDF.build/Objects-normal/x86_64/EditablePDF.swiftmodule -validate-clang-modules-once -clang-build-session-file /Users/saimumarafat/Library/Developer/Xcode/DerivedData/ModuleCache.noindex/Session.modulevalidation -Xcc -I/Users/saimumarafat/Library/Developer/Xcode/DerivedData/EditablePDF-anssphkirsootggvdfrbagwhqarc/Build/Intermediates.noindex/EditablePDF.build/Debug-iphonesimulator/EditablePDF.build/swift-overrides.hmap -emit-const-values -Xfrontend -const-gather-protocols-file -Xfrontend /Users/saimumarafat/Library/Developer/Xcode/DerivedData/EditablePDF-anssphkirsootggvdfrbagwhqarc/Build/Intermediates.noindex/EditablePDF.build/Debug-iphonesimulator/EditablePDF.build/Objects-normal/x86_64/EditablePDF_const_extract_protocols.json -Xcc -iquote -Xcc /Users/saimumarafat/Library/Developer/Xcode/DerivedData/EditablePDF-anssphkirsootggvdfrbagwhqarc/Build/Intermediates.noindex/EditablePDF.build/Debug-iphonesimulator/EditablePDF.build/EditablePDF-generated-files.hmap -Xcc -I/Users/saimumarafat/Library/Developer/Xcode/DerivedData/EditablePDF-anssphkirsootggvdfrbagwhqarc/Build/Intermediates.noindex/EditablePDF.build/Debug-iphonesimulator/EditablePDF.build/EditablePDF-own-target-headers.hmap -Xcc -I/Users/saimumarafat/Library/Developer/Xcode/DerivedData/EditablePDF-anssphkirsootggvdfrbagwhqarc/Build/Intermediates.noindex/EditablePDF.build/Debug-iphonesimulator/EditablePDF.build/EditablePDF-all-target-headers.hmap -Xcc -iquote -Xcc /Users/saimumarafat/Library/Developer/Xcode/DerivedData/EditablePDF-anssphkirsootggvdfrbagwhqarc/Build/Intermediates.noindex/EditablePDF.build/Debug-iphonesimulator/EditablePDF.build/EditablePDF-project-headers.hmap -Xcc -I/Users/saimumarafat/Library/Developer/Xcode/DerivedData/EditablePDF-anssphkirsootggvdfrbagwhqarc/Build/Products/Debug-iphonesimulator/include -Xcc -I/Users/saimumarafat/Library/Developer/Xcode/DerivedData/EditablePDF-anssphkirsootggvdfrbagwhqarc/Build/Intermediates.noindex/EditablePDF.build/Debug-iphonesimulator/EditablePDF.build/DerivedSources-normal/x86_64 -Xcc -I/Users/saimumarafat/Library/Developer/Xcode/DerivedData/EditablePDF-anssphkirsootggvdfrbagwhqarc/Build/Intermediates.noindex/EditablePDF.build/Debug-iphonesimulator/EditablePDF.build/DerivedSources/x86_64 -Xcc -I/Users/saimumarafat/Library/Developer/Xcode/DerivedData/EditablePDF-anssphkirsootggvdfrbagwhqarc/Build/Intermediates.noindex/EditablePDF.build/Debug-iphonesimulator/EditablePDF.build/DerivedSources -emit-objc-header -emit-objc-header-path /Users/saimumarafat/Library/Developer/Xcode/DerivedData/EditablePDF-anssphkirsootggvdfrbagwhqarc/Build/Intermediates.noindex/EditablePDF.build/Debug-iphonesimulator/EditablePDF.build/Objects-normal/x86_64/EditablePDF-Swift.h -working-directory /Users/saimumarafat/PDF -experimental-emit-module-separately -disable-cmo

SwiftDriverJobDiscovery normal arm64 Compiling DocumentStore.swift (in target 'EditablePDF' from project 'EditablePDF')

SwiftDriver\ Compilation EditablePDF normal arm64 com.apple.xcode.tools.swift.compiler (in target 'EditablePDF' from project 'EditablePDF')
    cd /Users/saimumarafat/PDF
    builtin-Swift-Compilation -- /Applications/Xcode.app/Contents/Developer/Toolchains/XcodeDefault.xctoolchain/usr/bin/swiftc -module-name EditablePDF -O @/Users/saimumarafat/Library/Developer/Xcode/DerivedData/EditablePDF-anssphkirsootggvdfrbagwhqarc/Build/Intermediates.noindex/EditablePDF.build/Debug-iphonesimulator/EditablePDF.build/Objects-normal/arm64/EditablePDF.SwiftFileList -enable-experimental-feature DebugDescriptionMacro -sdk /Applications/Xcode.app/Contents/Developer/Platforms/iPhoneSimulator.platform/Developer/SDKs/iPhoneSimulator26.4.sdk -target arm64-apple-ios18.0-simulator -g -module-cache-path /Users/saimumarafat/Library/Developer/Xcode/DerivedData/ModuleCache.noindex -Xfrontend -serialize-debugging-options -swift-version 6 -I /Users/saimumarafat/Library/Developer/Xcode/DerivedData/EditablePDF-anssphkirsootggvdfrbagwhqarc/Build/Products/Debug-iphonesimulator -F /Users/saimumarafat/Library/Developer/Xcode/DerivedData/EditablePDF-anssphkirsootggvdfrbagwhqarc/Build/Products/Debug-iphonesimulator -emit-localized-strings -emit-localized-strings-path /Users/saimumarafat/Library/Developer/Xcode/DerivedData/EditablePDF-anssphkirsootggvdfrbagwhqarc/Build/Intermediates.noindex/EditablePDF.build/Debug-iphonesimulator/EditablePDF.build/Objects-normal/arm64 -c -j8 -enable-batch-mode -incremental -Xcc -ivfsstatcache -Xcc /Users/saimumarafat/Library/Developer/Xcode/DerivedData/SDKStatCaches.noindex/iphonesimulator26.4-23E237-686eebb5dc1d8ecb277353a59184f4aa.sdkstatcache -output-file-map /Users/saimumarafat/Library/Developer/Xcode/DerivedData/EditablePDF-anssphkirsootggvdfrbagwhqarc/Build/Intermediates.noindex/EditablePDF.build/Debug-iphonesimulator/EditablePDF.build/Objects-normal/arm64/EditablePDF-OutputFileMap.json -use-frontend-parseable-output -save-temps -no-color-diagnostics -explicit-module-build -module-cache-path /Users/saimumarafat/Library/Developer/Xcode/DerivedData/EditablePDF-anssphkirsootggvdfrbagwhqarc/Build/Intermediates.noindex/SwiftExplicitPrecompiledModules -clang-scanner-module-cache-path /Users/saimumarafat/Library/Developer/Xcode/DerivedData/ModuleCache.noindex -sdk-module-cache-path /Users/saimumarafat/Library/Developer/Xcode/DerivedData/ModuleCache.noindex -serialize-diagnostics -emit-dependencies -emit-module -emit-module-path /Users/saimumarafat/Library/Developer/Xcode/DerivedData/EditablePDF-anssphkirsootggvdfrbagwhqarc/Build/Intermediates.noindex/EditablePDF.build/Debug-iphonesimulator/EditablePDF.build/Objects-normal/arm64/EditablePDF.swiftmodule -validate-clang-modules-once -clang-build-session-file /Users/saimumarafat/Library/Developer/Xcode/DerivedData/ModuleCache.noindex/Session.modulevalidation -Xcc -I/Users/saimumarafat/Library/Developer/Xcode/DerivedData/EditablePDF-anssphkirsootggvdfrbagwhqarc/Build/Intermediates.noindex/EditablePDF.build/Debug-iphonesimulator/EditablePDF.build/swift-overrides.hmap -emit-const-values -Xfrontend -const-gather-protocols-file -Xfrontend /Users/saimumarafat/Library/Developer/Xcode/DerivedData/EditablePDF-anssphkirsootggvdfrbagwhqarc/Build/Intermediates.noindex/EditablePDF.build/Debug-iphonesimulator/EditablePDF.build/Objects-normal/arm64/EditablePDF_const_extract_protocols.json -Xcc -iquote -Xcc /Users/saimumarafat/Library/Developer/Xcode/DerivedData/EditablePDF-anssphkirsootggvdfrbagwhqarc/Build/Intermediates.noindex/EditablePDF.build/Debug-iphonesimulator/EditablePDF.build/EditablePDF-generated-files.hmap -Xcc -I/Users/saimumarafat/Library/Developer/Xcode/DerivedData/EditablePDF-anssphkirsootggvdfrbagwhqarc/Build/Intermediates.noindex/EditablePDF.build/Debug-iphonesimulator/EditablePDF.build/EditablePDF-own-target-headers.hmap -Xcc -I/Users/saimumarafat/Library/Developer/Xcode/DerivedData/EditablePDF-anssphkirsootggvdfrbagwhqarc/Build/Intermediates.noindex/EditablePDF.build/Debug-iphonesimulator/EditablePDF.build/EditablePDF-all-target-headers.hmap -Xcc -iquote -Xcc /Users/saimumarafat/Library/Developer/Xcode/DerivedData/EditablePDF-anssphkirsootggvdfrbagwhqarc/Build/Intermediates.noindex/EditablePDF.build/Debug-iphonesimulator/EditablePDF.build/EditablePDF-project-headers.hmap -Xcc -I/Users/saimumarafat/Library/Developer/Xcode/DerivedData/EditablePDF-anssphkirsootggvdfrbagwhqarc/Build/Products/Debug-iphonesimulator/include -Xcc -I/Users/saimumarafat/Library/Developer/Xcode/DerivedData/EditablePDF-anssphkirsootggvdfrbagwhqarc/Build/Intermediates.noindex/EditablePDF.build/Debug-iphonesimulator/EditablePDF.build/DerivedSources-normal/arm64 -Xcc -I/Users/saimumarafat/Library/Developer/Xcode/DerivedData/EditablePDF-anssphkirsootggvdfrbagwhqarc/Build/Intermediates.noindex/EditablePDF.build/Debug-iphonesimulator/EditablePDF.build/DerivedSources/arm64 -Xcc -I/Users/saimumarafat/Library/Developer/Xcode/DerivedData/EditablePDF-anssphkirsootggvdfrbagwhqarc/Build/Intermediates.noindex/EditablePDF.build/Debug-iphonesimulator/EditablePDF.build/DerivedSources -emit-objc-header -emit-objc-header-path /Users/saimumarafat/Library/Developer/Xcode/DerivedData/EditablePDF-anssphkirsootggvdfrbagwhqarc/Build/Intermediates.noindex/EditablePDF.build/Debug-iphonesimulator/EditablePDF.build/Objects-normal/arm64/EditablePDF-Swift.h -working-directory /Users/saimumarafat/PDF -experimental-emit-module-separately -disable-cmo

Ld /Users/saimumarafat/Library/Developer/Xcode/DerivedData/EditablePDF-anssphkirsootggvdfrbagwhqarc/Build/Intermediates.noindex/EditablePDF.build/Debug-iphonesimulator/EditablePDF.build/Objects-normal/x86_64/Binary/EditablePDF normal x86_64 (in target 'EditablePDF' from project 'EditablePDF')
    cd /Users/saimumarafat/PDF
    /Applications/Xcode.app/Contents/Developer/Toolchains/XcodeDefault.xctoolchain/usr/bin/clang -Xlinker -reproducible -target x86_64-apple-ios18.0-simulator -isysroot /Applications/Xcode.app/Contents/Developer/Platforms/iPhoneSimulator.platform/Developer/SDKs/iPhoneSimulator26.4.sdk -Os -L/Users/saimumarafat/Library/Developer/Xcode/DerivedData/EditablePDF-anssphkirsootggvdfrbagwhqarc/Build/Intermediates.noindex/EagerLinkingTBDs/Debug-iphonesimulator -L/Users/saimumarafat/Library/Developer/Xcode/DerivedData/EditablePDF-anssphkirsootggvdfrbagwhqarc/Build/Products/Debug-iphonesimulator -F/Users/saimumarafat/Library/Developer/Xcode/DerivedData/EditablePDF-anssphkirsootggvdfrbagwhqarc/Build/Intermediates.noindex/EagerLinkingTBDs/Debug-iphonesimulator -F/Users/saimumarafat/Library/Developer/Xcode/DerivedData/EditablePDF-anssphkirsootggvdfrbagwhqarc/Build/Products/Debug-iphonesimulator -filelist /Users/saimumarafat/Library/Developer/Xcode/DerivedData/EditablePDF-anssphkirsootggvdfrbagwhqarc/Build/Intermediates.noindex/EditablePDF.build/Debug-iphonesimulator/EditablePDF.build/Objects-normal/x86_64/EditablePDF.LinkFileList -Xlinker -rpath -Xlinker /usr/lib/swift -Xlinker -rpath -Xlinker @executable_path/Frameworks -Xlinker -dead_strip -Xlinker -object_path_lto -Xlinker /Users/saimumarafat/Library/Developer/Xcode/DerivedData/EditablePDF-anssphkirsootggvdfrbagwhqarc/Build/Intermediates.noindex/EditablePDF.build/Debug-iphonesimulator/EditablePDF.build/Objects-normal/x86_64/EditablePDF_lto.o -Xlinker -objc_abi_version -Xlinker 2 -Xlinker -dependency_info -Xlinker /Users/saimumarafat/Library/Developer/Xcode/DerivedData/EditablePDF-anssphkirsootggvdfrbagwhqarc/Build/Intermediates.noindex/EditablePDF.build/Debug-iphonesimulator/EditablePDF.build/Objects-normal/x86_64/EditablePDF_dependency_info.dat -fobjc-link-runtime -L/Applications/Xcode.app/Contents/Developer/Toolchains/XcodeDefault.xctoolchain/usr/lib/swift/iphonesimulator -L/usr/lib/swift -Xlinker -add_ast_path -Xlinker /Users/saimumarafat/Library/Developer/Xcode/DerivedData/EditablePDF-anssphkirsootggvdfrbagwhqarc/Build/Intermediates.noindex/EditablePDF.build/Debug-iphonesimulator/EditablePDF.build/Objects-normal/x86_64/EditablePDF.swiftmodule @/Users/saimumarafat/Library/Developer/Xcode/DerivedData/EditablePDF-anssphkirsootggvdfrbagwhqarc/Build/Intermediates.noindex/EditablePDF.build/Debug-iphonesimulator/EditablePDF.build/Objects-normal/x86_64/EditablePDF-linker-args.resp -o /Users/saimumarafat/Library/Developer/Xcode/DerivedData/EditablePDF-anssphkirsootggvdfrbagwhqarc/Build/Intermediates.noindex/EditablePDF.build/Debug-iphonesimulator/EditablePDF.build/Objects-normal/x86_64/Binary/EditablePDF

ValidateDevelopmentAssets /Users/saimumarafat/Library/Developer/Xcode/DerivedData/EditablePDF-anssphkirsootggvdfrbagwhqarc/Build/Intermediates.noindex/EditablePDF.build/Debug-iphonesimulator/EditablePDF.build (in target 'EditablePDF' from project 'EditablePDF')
    cd /Users/saimumarafat/PDF
    builtin-validate-development-assets --validate YES_ERROR /Users/saimumarafat/PDF

Ld /Users/saimumarafat/Library/Developer/Xcode/DerivedData/EditablePDF-anssphkirsootggvdfrbagwhqarc/Build/Intermediates.noindex/EditablePDF.build/Debug-iphonesimulator/EditablePDF.build/Objects-normal/arm64/Binary/EditablePDF normal arm64 (in target 'EditablePDF' from project 'EditablePDF')
    cd /Users/saimumarafat/PDF
    /Applications/Xcode.app/Contents/Developer/Toolchains/XcodeDefault.xctoolchain/usr/bin/clang -Xlinker -reproducible -target arm64-apple-ios18.0-simulator -isysroot /Applications/Xcode.app/Contents/Developer/Platforms/iPhoneSimulator.platform/Developer/SDKs/iPhoneSimulator26.4.sdk -Os -L/Users/saimumarafat/Library/Developer/Xcode/DerivedData/EditablePDF-anssphkirsootggvdfrbagwhqarc/Build/Intermediates.noindex/EagerLinkingTBDs/Debug-iphonesimulator -L/Users/saimumarafat/Library/Developer/Xcode/DerivedData/EditablePDF-anssphkirsootggvdfrbagwhqarc/Build/Products/Debug-iphonesimulator -F/Users/saimumarafat/Library/Developer/Xcode/DerivedData/EditablePDF-anssphkirsootggvdfrbagwhqarc/Build/Intermediates.noindex/EagerLinkingTBDs/Debug-iphonesimulator -F/Users/saimumarafat/Library/Developer/Xcode/DerivedData/EditablePDF-anssphkirsootggvdfrbagwhqarc/Build/Products/Debug-iphonesimulator -filelist /Users/saimumarafat/Library/Developer/Xcode/DerivedData/EditablePDF-anssphkirsootggvdfrbagwhqarc/Build/Intermediates.noindex/EditablePDF.build/Debug-iphonesimulator/EditablePDF.build/Objects-normal/arm64/EditablePDF.LinkFileList -Xlinker -rpath -Xlinker /usr/lib/swift -Xlinker -rpath -Xlinker @executable_path/Frameworks -Xlinker -dead_strip -Xlinker -object_path_lto -Xlinker /Users/saimumarafat/Library/Developer/Xcode/DerivedData/EditablePDF-anssphkirsootggvdfrbagwhqarc/Build/Intermediates.noindex/EditablePDF.build/Debug-iphonesimulator/EditablePDF.build/Objects-normal/arm64/EditablePDF_lto.o -Xlinker -objc_abi_version -Xlinker 2 -Xlinker -dependency_info -Xlinker /Users/saimumarafat/Library/Developer/Xcode/DerivedData/EditablePDF-anssphkirsootggvdfrbagwhqarc/Build/Intermediates.noindex/EditablePDF.build/Debug-iphonesimulator/EditablePDF.build/Objects-normal/arm64/EditablePDF_dependency_info.dat -fobjc-link-runtime -L/Applications/Xcode.app/Contents/Developer/Toolchains/XcodeDefault.xctoolchain/usr/lib/swift/iphonesimulator -L/usr/lib/swift -Xlinker -add_ast_path -Xlinker /Users/saimumarafat/Library/Developer/Xcode/DerivedData/EditablePDF-anssphkirsootggvdfrbagwhqarc/Build/Intermediates.noindex/EditablePDF.build/Debug-iphonesimulator/EditablePDF.build/Objects-normal/arm64/EditablePDF.swiftmodule @/Users/saimumarafat/Library/Developer/Xcode/DerivedData/EditablePDF-anssphkirsootggvdfrbagwhqarc/Build/Intermediates.noindex/EditablePDF.build/Debug-iphonesimulator/EditablePDF.build/Objects-normal/arm64/EditablePDF-linker-args.resp -o /Users/saimumarafat/Library/Developer/Xcode/DerivedData/EditablePDF-anssphkirsootggvdfrbagwhqarc/Build/Intermediates.noindex/EditablePDF.build/Debug-iphonesimulator/EditablePDF.build/Objects-normal/arm64/Binary/EditablePDF

CreateUniversalBinary /Users/saimumarafat/Library/Developer/Xcode/DerivedData/EditablePDF-anssphkirsootggvdfrbagwhqarc/Build/Products/Debug-iphonesimulator/EditablePDF.app/EditablePDF normal arm64\ x86_64 (in target 'EditablePDF' from project 'EditablePDF')
    cd /Users/saimumarafat/PDF
    /Applications/Xcode.app/Contents/Developer/Toolchains/XcodeDefault.xctoolchain/usr/bin/lipo -create /Users/saimumarafat/Library/Developer/Xcode/DerivedData/EditablePDF-anssphkirsootggvdfrbagwhqarc/Build/Intermediates.noindex/EditablePDF.build/Debug-iphonesimulator/EditablePDF.build/Objects-normal/arm64/Binary/EditablePDF /Users/saimumarafat/Library/Developer/Xcode/DerivedData/EditablePDF-anssphkirsootggvdfrbagwhqarc/Build/Intermediates.noindex/EditablePDF.build/Debug-iphonesimulator/EditablePDF.build/Objects-normal/x86_64/Binary/EditablePDF -output /Users/saimumarafat/Library/Developer/Xcode/DerivedData/EditablePDF-anssphkirsootggvdfrbagwhqarc/Build/Products/Debug-iphonesimulator/EditablePDF.app/EditablePDF

GenerateDSYMFile /Users/saimumarafat/Library/Developer/Xcode/DerivedData/EditablePDF-anssphkirsootggvdfrbagwhqarc/Build/Products/Debug-iphonesimulator/EditablePDF.app.dSYM /Users/saimumarafat/Library/Developer/Xcode/DerivedData/EditablePDF-anssphkirsootggvdfrbagwhqarc/Build/Products/Debug-iphonesimulator/EditablePDF.app/EditablePDF (in target 'EditablePDF' from project 'EditablePDF')
    cd /Users/saimumarafat/PDF
    /Applications/Xcode.app/Contents/Developer/Toolchains/XcodeDefault.xctoolchain/usr/bin/dsymutil /Users/saimumarafat/Library/Developer/Xcode/DerivedData/EditablePDF-anssphkirsootggvdfrbagwhqarc/Build/Products/Debug-iphonesimulator/EditablePDF.app/EditablePDF -o /Users/saimumarafat/Library/Developer/Xcode/DerivedData/EditablePDF-anssphkirsootggvdfrbagwhqarc/Build/Products/Debug-iphonesimulator/EditablePDF.app.dSYM

CopySwiftLibs /Users/saimumarafat/Library/Developer/Xcode/DerivedData/EditablePDF-anssphkirsootggvdfrbagwhqarc/Build/Products/Debug-iphonesimulator/EditablePDF.app (in target 'EditablePDF' from project 'EditablePDF')
    cd /Users/saimumarafat/PDF
    builtin-swiftStdLibTool --copy --verbose --scan-executable /Users/saimumarafat/Library/Developer/Xcode/DerivedData/EditablePDF-anssphkirsootggvdfrbagwhqarc/Build/Products/Debug-iphonesimulator/EditablePDF.app/EditablePDF --scan-folder /Users/saimumarafat/Library/Developer/Xcode/DerivedData/EditablePDF-anssphkirsootggvdfrbagwhqarc/Build/Products/Debug-iphonesimulator/EditablePDF.app/Frameworks --scan-folder /Users/saimumarafat/Library/Developer/Xcode/DerivedData/EditablePDF-anssphkirsootggvdfrbagwhqarc/Build/Products/Debug-iphonesimulator/EditablePDF.app/PlugIns --scan-folder /Users/saimumarafat/Library/Developer/Xcode/DerivedData/EditablePDF-anssphkirsootggvdfrbagwhqarc/Build/Products/Debug-iphonesimulator/EditablePDF.app/SystemExtensions --scan-folder /Users/saimumarafat/Library/Developer/Xcode/DerivedData/EditablePDF-anssphkirsootggvdfrbagwhqarc/Build/Products/Debug-iphonesimulator/EditablePDF.app/Extensions --platform iphonesimulator --toolchain /Applications/Xcode.app/Contents/Developer/Toolchains/XcodeDefault.xctoolchain --destination /Users/saimumarafat/Library/Developer/Xcode/DerivedData/EditablePDF-anssphkirsootggvdfrbagwhqarc/Build/Products/Debug-iphonesimulator/EditablePDF.app/Frameworks --strip-bitcode --strip-bitcode-tool /Applications/Xcode.app/Contents/Developer/Toolchains/XcodeDefault.xctoolchain/usr/bin/bitcode_strip --emit-dependency-info /Users/saimumarafat/Library/Developer/Xcode/DerivedData/EditablePDF-anssphkirsootggvdfrbagwhqarc/Build/Intermediates.noindex/EditablePDF.build/Debug-iphonesimulator/EditablePDF.build/SwiftStdLibToolInputDependencies.dep --filter-for-swift-os --back-deploy-swift-span
Ignoring --strip-bitcode because --sign was not passed

ExtractAppIntentsMetadata (in target 'EditablePDF' from project 'EditablePDF')
    cd /Users/saimumarafat/PDF
    /Applications/Xcode.app/Contents/Developer/Toolchains/XcodeDefault.xctoolchain/usr/bin/appintentsmetadataprocessor --toolchain-dir /Applications/Xcode.app/Contents/Developer/Toolchains/XcodeDefault.xctoolchain --module-name EditablePDF --sdk-root /Applications/Xcode.app/Contents/Developer/Platforms/iPhoneSimulator.platform/Developer/SDKs/iPhoneSimulator26.4.sdk --xcode-version 17E192 --platform-family iOS --deployment-target 18.0 --bundle-identifier com.saimumarafat.EditablePDF --output /Users/saimumarafat/Library/Developer/Xcode/DerivedData/EditablePDF-anssphkirsootggvdfrbagwhqarc/Build/Products/Debug-iphonesimulator/EditablePDF.app --target-triple arm64-apple-ios18.0-simulator --target-triple x86_64-apple-ios18.0-simulator --binary-file /Users/saimumarafat/Library/Developer/Xcode/DerivedData/EditablePDF-anssphkirsootggvdfrbagwhqarc/Build/Products/Debug-iphonesimulator/EditablePDF.app/EditablePDF --dependency-file /Users/saimumarafat/Library/Developer/Xcode/DerivedData/EditablePDF-anssphkirsootggvdfrbagwhqarc/Build/Intermediates.noindex/EditablePDF.build/Debug-iphonesimulator/EditablePDF.build/Objects-normal/arm64/EditablePDF_dependency_info.dat --dependency-file /Users/saimumarafat/Library/Developer/Xcode/DerivedData/EditablePDF-anssphkirsootggvdfrbagwhqarc/Build/Intermediates.noindex/EditablePDF.build/Debug-iphonesimulator/EditablePDF.build/Objects-normal/x86_64/EditablePDF_dependency_info.dat --stringsdata-file /Users/saimumarafat/Library/Developer/Xcode/DerivedData/EditablePDF-anssphkirsootggvdfrbagwhqarc/Build/Intermediates.noindex/EditablePDF.build/Debug-iphonesimulator/EditablePDF.build/Objects-normal/arm64/ExtractedAppShortcutsMetadata.stringsdata --stringsdata-file /Users/saimumarafat/Library/Developer/Xcode/DerivedData/EditablePDF-anssphkirsootggvdfrbagwhqarc/Build/Intermediates.noindex/EditablePDF.build/Debug-iphonesimulator/EditablePDF.build/Objects-normal/x86_64/ExtractedAppShortcutsMetadata.stringsdata --source-file-list /Users/saimumarafat/Library/Developer/Xcode/DerivedData/EditablePDF-anssphkirsootggvdfrbagwhqarc/Build/Intermediates.noindex/EditablePDF.build/Debug-iphonesimulator/EditablePDF.build/Objects-normal/arm64/EditablePDF.SwiftFileList --source-file-list /Users/saimumarafat/Library/Developer/Xcode/DerivedData/EditablePDF-anssphkirsootggvdfrbagwhqarc/Build/Intermediates.noindex/EditablePDF.build/Debug-iphonesimulator/EditablePDF.build/Objects-normal/x86_64/EditablePDF.SwiftFileList --metadata-file-list /Users/saimumarafat/Library/Developer/Xcode/DerivedData/EditablePDF-anssphkirsootggvdfrbagwhqarc/Build/Intermediates.noindex/EditablePDF.build/Debug-iphonesimulator/EditablePDF.build/EditablePDF.DependencyMetadataFileList --static-metadata-file-list /Users/saimumarafat/Library/Developer/Xcode/DerivedData/EditablePDF-anssphkirsootggvdfrbagwhqarc/Build/Intermediates.noindex/EditablePDF.build/Debug-iphonesimulator/EditablePDF.build/EditablePDF.DependencyStaticMetadataFileList --swift-const-vals-list /Users/saimumarafat/Library/Developer/Xcode/DerivedData/EditablePDF-anssphkirsootggvdfrbagwhqarc/Build/Intermediates.noindex/EditablePDF.build/Debug-iphonesimulator/EditablePDF.build/Objects-normal/arm64/EditablePDF.SwiftConstValuesFileList --swift-const-vals-list /Users/saimumarafat/Library/Developer/Xcode/DerivedData/EditablePDF-anssphkirsootggvdfrbagwhqarc/Build/Intermediates.noindex/EditablePDF.build/Debug-iphonesimulator/EditablePDF.build/Objects-normal/x86_64/EditablePDF.SwiftConstValuesFileList --compile-time-extraction --deployment-aware-processing --validate-assistant-intents --no-app-shortcuts-localization
2026-04-21 14:11:44.209 appintentsmetadataprocessor[96622:2334302] Starting appintentsmetadataprocessor export
2026-04-21 14:11:44.213 appintentsmetadataprocessor[96622:2334302] warning: Metadata extraction skipped. No AppIntents.framework dependency found.

** BUILD SUCCEEDED **

